<html><head></head><body>
<script type="application/dart" src="index.bootstrap.dart"></script>
</body></html>