{
  "MyComponent": {
    "id": "MyComponent",
    "selector": "[soup]",
    "compileChildren": true,
    "hostListeners": {},
    "hostProperties": {},
    "hostAttributes": {},
    "properties": {},
    "readAttributes": [],
    "type": 1,
    "version": 1
  }
}